// Jest Snapshot v1, https://goo.gl/fbAQLP

exports[`Likes component should display like snapshot 1`] = `
<div
  className="like"
>
  <div
    className="carousel slide"
    data-interval="false"
    data-wrap="false"
    id="carouselLikes"
  >
    <ol
      className="carousel-indicators"
    >
      <li
        className="active"
        data-slide-to="0"
        data-target="#carouselLikes"
        onClick={[Function]}
      />
      <li
        data-slide-to="1"
        data-target="#carouselLikes"
        onClick={[Function]}
      />
      <li
        data-slide-to="2"
        data-target="#carouselLikes"
        onClick={[Function]}
      />
      <li
        data-slide-to="3"
        data-target="#carouselLikes"
        onClick={[Function]}
      />
    </ol>
    <div
      className="carousel-inner"
    >
      <div
        className="carousel-item active"
      >
        <div
          id="likes"
        >
          <div
            className="card"
            key="1"
            onClick={[Function]}
          >
            <img
              className="card-img-top likes d-block"
              src="https://www.adidas.com/dis/dw/image/v2/aaqx_prd/on/demandware.static/-/Sites-adidas-products/en_US/dwa800131d/zoom/CM8322_00_plp_standard.jpg?sw=276&sh=276&sm=fit&hei=276&wid=276&strip=false"
            />
            <div
              className="card-body"
            >
              <span
                id="like-type"
              >
                Performance
              </span>
              <br />
              <span
                id="like-name"
              >
                SOLARBOOST
              </span>
              <br />
              <span
                id="like-price"
              >
                $
                110
              </span>
              <br />
              <div
                className="rating-review"
              >
                <RatingAPILayer
                  direction="ltr"
                  emptySymbol="far fa-star"
                  fractions={5}
                  fullSymbol="fa fa-star"
                  initialRating={NaN}
                  onChange={[Function]}
                  onClick={[Function]}
                  onHover={[Function]}
                  placeholderSymbol={
                    Object {
                      "backgroundColor": "red",
                      "border": "5px double white",
                      "borderRadius": "50%",
                      "display": "inline-block",
                      "height": 30,
                      "width": 30,
                    }
                  }
                  quiet={false}
                  readonly={true}
                  start={0}
                  step={1}
                  stop={5}
                />
                <span
                  className="rating"
                />
              </div>
            </div>
          </div>
          <div
            className="card"
            key="2"
            onClick={[Function]}
          >
            <img
              className="card-img-top likes d-block"
              src="https://www.adidas.com/dis/dw/image/v2/aaqx_prd/on/demandware.static/-/Sites-adidas-products/en_US/dwa800131d/zoom/CM8322_00_plp_standard.jpg?sw=276&sh=276&sm=fit&hei=276&wid=276&strip=false"
            />
            <div
              className="card-body"
            >
              <span
                id="like-type"
              >
                Comfort
              </span>
              <br />
              <span
                id="like-name"
              >
                ANDALAX
              </span>
              <br />
              <span
                id="like-price"
              >
                $
                115
              </span>
              <br />
              <div
                className="rating-review"
              >
                <RatingAPILayer
                  direction="ltr"
                  emptySymbol="far fa-star"
                  fractions={5}
                  fullSymbol="fa fa-star"
                  initialRating={NaN}
                  onChange={[Function]}
                  onClick={[Function]}
                  onHover={[Function]}
                  placeholderSymbol={
                    Object {
                      "backgroundColor": "red",
                      "border": "5px double white",
                      "borderRadius": "50%",
                      "display": "inline-block",
                      "height": 30,
                      "width": 30,
                    }
                  }
                  quiet={false}
                  readonly={true}
                  start={0}
                  step={1}
                  stop={5}
                />
                <span
                  className="rating"
                />
              </div>
            </div>
          </div>
          <div
            className="card"
            key="3"
            onClick={[Function]}
          >
            <img
              className="card-img-top likes d-block"
              src="https://www.adidas.com/dis/dw/image/v2/aaqx_prd/on/demandware.static/-/Sites-adidas-products/en_US/dwa800131d/zoom/CM8322_00_plp_standard.jpg?sw=276&sh=276&sm=fit&hei=276&wid=276&strip=false"
            />
            <div
              className="card-body"
            >
              <span
                id="like-type"
              >
                Originals
              </span>
              <br />
              <span
                id="like-name"
              >
                SOLAR GLIDE
              </span>
              <br />
              <span
                id="like-price"
              >
                $
                130
              </span>
              <br />
              <div
                className="rating-review"
              >
                <RatingAPILayer
                  direction="ltr"
                  emptySymbol="far fa-star"
                  fractions={5}
                  fullSymbol="fa fa-star"
                  initialRating={NaN}
                  onChange={[Function]}
                  onClick={[Function]}
                  onHover={[Function]}
                  placeholderSymbol={
                    Object {
                      "backgroundColor": "red",
                      "border": "5px double white",
                      "borderRadius": "50%",
                      "display": "inline-block",
                      "height": 30,
                      "width": 30,
                    }
                  }
                  quiet={false}
                  readonly={true}
                  start={0}
                  step={1}
                  stop={5}
                />
                <span
                  className="rating"
                />
              </div>
            </div>
          </div>
          <div
            className="card"
            key="4"
            onClick={[Function]}
          >
            <img
              className="card-img-top likes d-block"
              src="https://www.adidas.com/dis/dw/image/v2/aaqx_prd/on/demandware.static/-/Sites-adidas-products/en_US/dwa800131d/zoom/CM8322_00_plp_standard.jpg?sw=276&sh=276&sm=fit&hei=276&wid=276&strip=false"
            />
            <div
              className="card-body"
            >
              <span
                id="like-type"
              >
                Performance
              </span>
              <br />
              <span
                id="like-name"
              >
                ULTRABOOST
              </span>
              <br />
              <span
                id="like-price"
              >
                $
                95
              </span>
              <br />
              <div
                className="rating-review"
              >
                <RatingAPILayer
                  direction="ltr"
                  emptySymbol="far fa-star"
                  fractions={5}
                  fullSymbol="fa fa-star"
                  initialRating={NaN}
                  onChange={[Function]}
                  onClick={[Function]}
                  onHover={[Function]}
                  placeholderSymbol={
                    Object {
                      "backgroundColor": "red",
                      "border": "5px double white",
                      "borderRadius": "50%",
                      "display": "inline-block",
                      "height": 30,
                      "width": 30,
                    }
                  }
                  quiet={false}
                  readonly={true}
                  start={0}
                  step={1}
                  stop={5}
                />
                <span
                  className="rating"
                />
              </div>
            </div>
          </div>
        </div>
      </div>
      <div
        className="carousel-item"
      >
        <div
          id="likes"
        >
          <div
            className="card"
            key="5"
            onClick={[Function]}
          >
            <img
              className="card-img-top likes d-block"
              src="https://www.adidas.com/dis/dw/image/v2/aaqx_prd/on/demandware.static/-/Sites-adidas-products/en_US/dwa800131d/zoom/CM8322_00_plp_standard.jpg?sw=276&sh=276&sm=fit&hei=276&wid=276&strip=false"
            />
            <div
              className="card-body"
            >
              <span
                id="like-type"
              >
                Performance
              </span>
              <br />
              <span
                id="like-name"
              >
                SOLAR GLIDE ST
              </span>
              <br />
              <span
                id="like-price"
              >
                $
                140
              </span>
              <br />
              <div
                className="rating-review"
              >
                <RatingAPILayer
                  direction="ltr"
                  emptySymbol="far fa-star"
                  fractions={5}
                  fullSymbol="fa fa-star"
                  initialRating={NaN}
                  onChange={[Function]}
                  onClick={[Function]}
                  onHover={[Function]}
                  placeholderSymbol={
                    Object {
                      "backgroundColor": "red",
                      "border": "5px double white",
                      "borderRadius": "50%",
                      "display": "inline-block",
                      "height": 30,
                      "width": 30,
                    }
                  }
                  quiet={false}
                  readonly={true}
                  start={0}
                  step={1}
                  stop={5}
                />
                <span
                  className="rating"
                />
              </div>
            </div>
          </div>
          <div
            className="card"
            key="6"
            onClick={[Function]}
          >
            <img
              className="card-img-top likes d-block"
              src="https://www.adidas.com/dis/dw/image/v2/aaqx_prd/on/demandware.static/-/Sites-adidas-products/en_US/dwa800131d/zoom/CM8322_00_plp_standard.jpg?sw=276&sh=276&sm=fit&hei=276&wid=276&strip=false"
            />
            <div
              className="card-body"
            >
              <span
                id="like-type"
              >
                Performance
              </span>
              <br />
              <span
                id="like-name"
              >
                SOLARBOOST
              </span>
              <br />
              <span
                id="like-price"
              >
                $
                110
              </span>
              <br />
              <div
                className="rating-review"
              >
                <RatingAPILayer
                  direction="ltr"
                  emptySymbol="far fa-star"
                  fractions={5}
                  fullSymbol="fa fa-star"
                  initialRating={NaN}
                  onChange={[Function]}
                  onClick={[Function]}
                  onHover={[Function]}
                  placeholderSymbol={
                    Object {
                      "backgroundColor": "red",
                      "border": "5px double white",
                      "borderRadius": "50%",
                      "display": "inline-block",
                      "height": 30,
                      "width": 30,
                    }
                  }
                  quiet={false}
                  readonly={true}
                  start={0}
                  step={1}
                  stop={5}
                />
                <span
                  className="rating"
                />
              </div>
            </div>
          </div>
          <div
            className="card"
            key="7"
            onClick={[Function]}
          >
            <img
              className="card-img-top likes d-block"
              src="https://www.adidas.com/dis/dw/image/v2/aaqx_prd/on/demandware.static/-/Sites-adidas-products/en_US/dwa800131d/zoom/CM8322_00_plp_standard.jpg?sw=276&sh=276&sm=fit&hei=276&wid=276&strip=false"
            />
            <div
              className="card-body"
            >
              <span
                id="like-type"
              >
                Comfort
              </span>
              <br />
              <span
                id="like-name"
              >
                ANDALAX
              </span>
              <br />
              <span
                id="like-price"
              >
                $
                115
              </span>
              <br />
              <div
                className="rating-review"
              >
                <RatingAPILayer
                  direction="ltr"
                  emptySymbol="far fa-star"
                  fractions={5}
                  fullSymbol="fa fa-star"
                  initialRating={NaN}
                  onChange={[Function]}
                  onClick={[Function]}
                  onHover={[Function]}
                  placeholderSymbol={
                    Object {
                      "backgroundColor": "red",
                      "border": "5px double white",
                      "borderRadius": "50%",
                      "display": "inline-block",
                      "height": 30,
                      "width": 30,
                    }
                  }
                  quiet={false}
                  readonly={true}
                  start={0}
                  step={1}
                  stop={5}
                />
                <span
                  className="rating"
                />
              </div>
            </div>
          </div>
          <div
            className="card"
            key="8"
            onClick={[Function]}
          >
            <img
              className="card-img-top likes d-block"
              src="https://www.adidas.com/dis/dw/image/v2/aaqx_prd/on/demandware.static/-/Sites-adidas-products/en_US/dwa800131d/zoom/CM8322_00_plp_standard.jpg?sw=276&sh=276&sm=fit&hei=276&wid=276&strip=false"
            />
            <div
              className="card-body"
            >
              <span
                id="like-type"
              >
                Originals
              </span>
              <br />
              <span
                id="like-name"
              >
                SOLAR GLIDE
              </span>
              <br />
              <span
                id="like-price"
              >
                $
                130
              </span>
              <br />
              <div
                className="rating-review"
              >
                <RatingAPILayer
                  direction="ltr"
                  emptySymbol="far fa-star"
                  fractions={5}
                  fullSymbol="fa fa-star"
                  initialRating={NaN}
                  onChange={[Function]}
                  onClick={[Function]}
                  onHover={[Function]}
                  placeholderSymbol={
                    Object {
                      "backgroundColor": "red",
                      "border": "5px double white",
                      "borderRadius": "50%",
                      "display": "inline-block",
                      "height": 30,
                      "width": 30,
                    }
                  }
                  quiet={false}
                  readonly={true}
                  start={0}
                  step={1}
                  stop={5}
                />
                <span
                  className="rating"
                />
              </div>
            </div>
          </div>
        </div>
      </div>
      <div
        className="carousel-item"
      >
        <div
          id="likes"
        >
          <div
            className="card"
            key="9"
            onClick={[Function]}
          >
            <img
              className="card-img-top likes d-block"
              src="https://www.adidas.com/dis/dw/image/v2/aaqx_prd/on/demandware.static/-/Sites-adidas-products/en_US/dwa800131d/zoom/CM8322_00_plp_standard.jpg?sw=276&sh=276&sm=fit&hei=276&wid=276&strip=false"
            />
            <div
              className="card-body"
            >
              <span
                id="like-type"
              >
                Performance
              </span>
              <br />
              <span
                id="like-name"
              >
                ULTRABOOST
              </span>
              <br />
              <span
                id="like-price"
              >
                $
                95
              </span>
              <br />
              <div
                className="rating-review"
              >
                <RatingAPILayer
                  direction="ltr"
                  emptySymbol="far fa-star"
                  fractions={5}
                  fullSymbol="fa fa-star"
                  initialRating={NaN}
                  onChange={[Function]}
                  onClick={[Function]}
                  onHover={[Function]}
                  placeholderSymbol={
                    Object {
                      "backgroundColor": "red",
                      "border": "5px double white",
                      "borderRadius": "50%",
                      "display": "inline-block",
                      "height": 30,
                      "width": 30,
                    }
                  }
                  quiet={false}
                  readonly={true}
                  start={0}
                  step={1}
                  stop={5}
                />
                <span
                  className="rating"
                />
              </div>
            </div>
          </div>
          <div
            className="card"
            key="10"
            onClick={[Function]}
          >
            <img
              className="card-img-top likes d-block"
              src="https://www.adidas.com/dis/dw/image/v2/aaqx_prd/on/demandware.static/-/Sites-adidas-products/en_US/dwa800131d/zoom/CM8322_00_plp_standard.jpg?sw=276&sh=276&sm=fit&hei=276&wid=276&strip=false"
            />
            <div
              className="card-body"
            >
              <span
                id="like-type"
              >
                Performance
              </span>
              <br />
              <span
                id="like-name"
              >
                SOLAR GLIDE ST
              </span>
              <br />
              <span
                id="like-price"
              >
                $
                140
              </span>
              <br />
              <div
                className="rating-review"
              >
                <RatingAPILayer
                  direction="ltr"
                  emptySymbol="far fa-star"
                  fractions={5}
                  fullSymbol="fa fa-star"
                  initialRating={NaN}
                  onChange={[Function]}
                  onClick={[Function]}
                  onHover={[Function]}
                  placeholderSymbol={
                    Object {
                      "backgroundColor": "red",
                      "border": "5px double white",
                      "borderRadius": "50%",
                      "display": "inline-block",
                      "height": 30,
                      "width": 30,
                    }
                  }
                  quiet={false}
                  readonly={true}
                  start={0}
                  step={1}
                  stop={5}
                />
                <span
                  className="rating"
                />
              </div>
            </div>
          </div>
          <div
            className="card"
            key="11"
            onClick={[Function]}
          >
            <img
              className="card-img-top likes d-block"
              src="https://www.adidas.com/dis/dw/image/v2/aaqx_prd/on/demandware.static/-/Sites-adidas-products/en_US/dwa800131d/zoom/CM8322_00_plp_standard.jpg?sw=276&sh=276&sm=fit&hei=276&wid=276&strip=false"
            />
            <div
              className="card-body"
            >
              <span
                id="like-type"
              >
                Performance
              </span>
              <br />
              <span
                id="like-name"
              >
                SOLARBOOST
              </span>
              <br />
              <span
                id="like-price"
              >
                $
                110
              </span>
              <br />
              <div
                className="rating-review"
              >
                <RatingAPILayer
                  direction="ltr"
                  emptySymbol="far fa-star"
                  fractions={5}
                  fullSymbol="fa fa-star"
                  initialRating={NaN}
                  onChange={[Function]}
                  onClick={[Function]}
                  onHover={[Function]}
                  placeholderSymbol={
                    Object {
                      "backgroundColor": "red",
                      "border": "5px double white",
                      "borderRadius": "50%",
                      "display": "inline-block",
                      "height": 30,
                      "width": 30,
                    }
                  }
                  quiet={false}
                  readonly={true}
                  start={0}
                  step={1}
                  stop={5}
                />
                <span
                  className="rating"
                />
              </div>
            </div>
          </div>
          <div
            className="card"
            key="12"
            onClick={[Function]}
          >
            <img
              className="card-img-top likes d-block"
              src="https://www.adidas.com/dis/dw/image/v2/aaqx_prd/on/demandware.static/-/Sites-adidas-products/en_US/dwa800131d/zoom/CM8322_00_plp_standard.jpg?sw=276&sh=276&sm=fit&hei=276&wid=276&strip=false"
            />
            <div
              className="card-body"
            >
              <span
                id="like-type"
              >
                Comfort
              </span>
              <br />
              <span
                id="like-name"
              >
                ANDALAX
              </span>
              <br />
              <span
                id="like-price"
              >
                $
                115
              </span>
              <br />
              <div
                className="rating-review"
              >
                <RatingAPILayer
                  direction="ltr"
                  emptySymbol="far fa-star"
                  fractions={5}
                  fullSymbol="fa fa-star"
                  initialRating={NaN}
                  onChange={[Function]}
                  onClick={[Function]}
                  onHover={[Function]}
                  placeholderSymbol={
                    Object {
                      "backgroundColor": "red",
                      "border": "5px double white",
                      "borderRadius": "50%",
                      "display": "inline-block",
                      "height": 30,
                      "width": 30,
                    }
                  }
                  quiet={false}
                  readonly={true}
                  start={0}
                  step={1}
                  stop={5}
                />
                <span
                  className="rating"
                />
              </div>
            </div>
          </div>
        </div>
      </div>
      <div
        className="carousel-item"
      >
        <div
          id="likes"
        >
          <div
            className="card"
            key="13"
            onClick={[Function]}
          >
            <img
              className="card-img-top likes d-block"
              src="https://www.adidas.com/dis/dw/image/v2/aaqx_prd/on/demandware.static/-/Sites-adidas-products/en_US/dwa800131d/zoom/CM8322_00_plp_standard.jpg?sw=276&sh=276&sm=fit&hei=276&wid=276&strip=false"
            />
            <div
              className="card-body"
            >
              <span
                id="like-type"
              >
                Originals
              </span>
              <br />
              <span
                id="like-name"
              >
                SOLAR GLIDE
              </span>
              <br />
              <span
                id="like-price"
              >
                $
                130
              </span>
              <br />
              <div
                className="rating-review"
              >
                <RatingAPILayer
                  direction="ltr"
                  emptySymbol="far fa-star"
                  fractions={5}
                  fullSymbol="fa fa-star"
                  initialRating={NaN}
                  onChange={[Function]}
                  onClick={[Function]}
                  onHover={[Function]}
                  placeholderSymbol={
                    Object {
                      "backgroundColor": "red",
                      "border": "5px double white",
                      "borderRadius": "50%",
                      "display": "inline-block",
                      "height": 30,
                      "width": 30,
                    }
                  }
                  quiet={false}
                  readonly={true}
                  start={0}
                  step={1}
                  stop={5}
                />
                <span
                  className="rating"
                />
              </div>
            </div>
          </div>
          <div
            className="card"
            key="14"
            onClick={[Function]}
          >
            <img
              className="card-img-top likes d-block"
              src="https://www.adidas.com/dis/dw/image/v2/aaqx_prd/on/demandware.static/-/Sites-adidas-products/en_US/dwa800131d/zoom/CM8322_00_plp_standard.jpg?sw=276&sh=276&sm=fit&hei=276&wid=276&strip=false"
            />
            <div
              className="card-body"
            >
              <span
                id="like-type"
              >
                Performance
              </span>
              <br />
              <span
                id="like-name"
              >
                ULTRABOOST
              </span>
              <br />
              <span
                id="like-price"
              >
                $
                95
              </span>
              <br />
              <div
                className="rating-review"
              >
                <RatingAPILayer
                  direction="ltr"
                  emptySymbol="far fa-star"
                  fractions={5}
                  fullSymbol="fa fa-star"
                  initialRating={NaN}
                  onChange={[Function]}
                  onClick={[Function]}
                  onHover={[Function]}
                  placeholderSymbol={
                    Object {
                      "backgroundColor": "red",
                      "border": "5px double white",
                      "borderRadius": "50%",
                      "display": "inline-block",
                      "height": 30,
                      "width": 30,
                    }
                  }
                  quiet={false}
                  readonly={true}
                  start={0}
                  step={1}
                  stop={5}
                />
                <span
                  className="rating"
                />
              </div>
            </div>
          </div>
          <div
            className="card"
            key="15"
            onClick={[Function]}
          >
            <img
              className="card-img-top likes d-block"
              src="https://www.adidas.com/dis/dw/image/v2/aaqx_prd/on/demandware.static/-/Sites-adidas-products/en_US/dwa800131d/zoom/CM8322_00_plp_standard.jpg?sw=276&sh=276&sm=fit&hei=276&wid=276&strip=false"
            />
            <div
              className="card-body"
            >
              <span
                id="like-type"
              >
                Performance
              </span>
              <br />
              <span
                id="like-name"
              >
                SOLAR GLIDE ST
              </span>
              <br />
              <span
                id="like-price"
              >
                $
                140
              </span>
              <br />
              <div
                className="rating-review"
              >
                <RatingAPILayer
                  direction="ltr"
                  emptySymbol="far fa-star"
                  fractions={5}
                  fullSymbol="fa fa-star"
                  initialRating={NaN}
                  onChange={[Function]}
                  onClick={[Function]}
                  onHover={[Function]}
                  placeholderSymbol={
                    Object {
                      "backgroundColor": "red",
                      "border": "5px double white",
                      "borderRadius": "50%",
                      "display": "inline-block",
                      "height": 30,
                      "width": 30,
                    }
                  }
                  quiet={false}
                  readonly={true}
                  start={0}
                  step={1}
                  stop={5}
                />
                <span
                  className="rating"
                />
              </div>
            </div>
          </div>
        </div>
      </div>
    </div>
    <div
      className="control-icons"
    >
      <div
        className="controls"
      >
        <div
          className="row control-row"
        >
          <a
            className="carousel-control-prev hidden"
            data-slide="prev"
            href="#carouselLikes"
            onClick={[Function]}
            role="button"
          >
            <span
              aria-hidden="true"
              className="carousel-control-prev-icon"
            />
          </a>
        </div>
        <div
          className="row control-row next-pos"
        >
          <a
            className="carousel-control-next"
            data-slide="next"
            href="#carouselLikes"
            onClick={[Function]}
            role="button"
          >
            <span
              aria-hidden="true"
              className="carousel-control-next-icon"
            />
          </a>
        </div>
      </div>
    </div>
  </div>
</div>
`;
